../Core/Inc/LCD.h:40:6:delay	16	static
../Core/Inc/LCD.h:50:6:LCD_init	8	static
../Core/Inc/LCD.h:85:6:LCD_write_nible	16	static
../Core/Inc/LCD.h:116:6:LCD_cmd	16	static
../Core/Inc/LCD.h:131:6:LCD_char	16	static
../Core/Inc/LCD.h:143:6:LCD_write_text	16	static
../Core/Inc/LCD.h:155:6:LCD_gotoxy	24	static
../Core/Inc/LCD.h:173:6:LCD_custom_char	24	static
../Core/Src/main.c:83:5:main	8	static
../Core/Src/main.c:175:6:SystemClock_Config	88	static
../Core/Src/main.c:218:13:MX_TIM3_Init	32	static
../Core/Src/main.c:263:13:MX_TIM4_Init	48	static
../Core/Src/main.c:321:13:MX_TIM10_Init	8	static
../Core/Src/main.c:352:13:MX_TIM11_Init	8	static
../Core/Src/main.c:383:13:MX_USART2_UART_Init	8	static
../Core/Src/main.c:414:13:MX_DMA_Init	16	static
../Core/Src/main.c:432:13:MX_GPIO_Init	40	static
../Core/Src/main.c:482:6:HAL_TIM_IC_CaptureCallback	16	static
../Core/Src/main.c:493:6:Error_Handler	4	static,ignoring_inline_asm
