../Core/Src/LCD_STM32.c:11:6:LCD_STM32_Cmd	16	static
../Core/Src/LCD_STM32.c:18:6:LCD_STM32_DataBus	16	static
../Core/Src/LCD_STM32.c:32:6:LCD_STM32_Init	8	static
../Core/Src/LCD_STM32.c:46:6:LCD_STM32_Set_Cursor	24	static
../Core/Src/LCD_STM32.c:79:6:LCD_STM32_Print_Char	24	static
../Core/Src/LCD_STM32.c:87:6:LCD_STM32_Print_String	24	static
../Core/Src/LCD_STM32.c:93:6:LCD_STM32_New_Char	32	static
../Core/Src/LCD_STM32.c:229:6:LCD_STM32_Print_New_Char	16	static
../Core/Src/LCD_STM32.c:235:6:LCD_STM32_Clear	8	static
../Core/Src/LCD_STM32.c:240:6:LCD_STM32_Home	8	static
