../Core/Src/main.c:86:5:main	8	static
../Core/Src/main.c:197:6:SystemClock_Config	88	static
../Core/Src/main.c:239:13:MX_TIM2_Init	48	static
../Core/Src/main.c:297:13:MX_TIM3_Init	64	static
../Core/Src/main.c:362:13:MX_TIM11_Init	8	static
../Core/Src/main.c:393:13:MX_USART2_UART_Init	8	static
../Core/Src/main.c:424:13:MX_DMA_Init	16	static
../Core/Src/main.c:442:13:MX_GPIO_Init	32	static
../Core/Src/main.c:462:6:HAL_TIM_IC_CaptureCallback	16	static
../Core/Src/main.c:468:6:HAL_TIM_OC_DelayElapsedCallback	24	static
../Core/Src/main.c:506:6:Error_Handler	4	static,ignoring_inline_asm
