19:09:55 **** Incremental Build of configuration Debug for project 00_GPIO ****
make -j2 all 
arm-none-eabi-gcc "../Core/Src/main.c" -mcpu=cortex-m4 -std=gnu11 -g3 -DDEBUG -DUSE_HAL_DRIVER -DSTM32F401xE -c -I../Core/Inc -I../Drivers/STM32F4xx_HAL_Driver/Inc -I../Drivers/STM32F4xx_HAL_Driver/Inc/Legacy -I../Drivers/CMSIS/Device/ST/STM32F4xx/Include -I../Drivers/CMSIS/Include -O0 -ffunction-sections -fdata-sections -Wall -fstack-usage -MMD -MP -MF"Core/Src/main.d" -MT"Core/Src/main.o" --specs=nano.specs -mfpu=fpv4-sp-d16 -mfloat-abi=hard -mthumb -o "Core/Src/main.o"
arm-none-eabi-gcc -o "00_GPIO.elf" @"objects.list"   -mcpu=cortex-m4 -T"F:\OneDrive - Universidad Tecnologica del Peru\Estudios\Cursos\Microcontroladores\STM32\STM32 con HAL\codigo\00_GPIO\STM32F401RETX_FLASH.ld" --specs=nosys.specs -Wl,-Map="00_GPIO.map" -Wl,--gc-sections -static --specs=nano.specs -mfpu=fpv4-sp-d16 -mfloat-abi=hard -mthumb -Wl,--start-group -lc -lm -Wl,--end-group
Finished building target: 00_GPIO.elf
 
arm-none-eabi-size   00_GPIO.elf 
arm-none-eabi-objdump -h -S  00_GPIO.elf  > "00_GPIO.list"
   text	   data	    bss	    dec	    hex	filename
   5996	     20	   1572	   7588	   1da4	00_GPIO.elf
Finished building: default.size.stdout
 
arm-none-eabi-objcopy  -O ihex  00_GPIO.elf  "00_GPIO.hex"
Finished building: 00_GPIO.list
 
Finished building: 00_GPIO.hex
 

19:09:56 Build Finished. 0 errors, 0 warnings. (took 1s.531ms)

