21:25:41 **** Incremental Build of configuration Debug for project 04.2_TIMER_DMA ****
make -j2 all 
arm-none-eabi-gcc "../Core/Src/main.c" -mcpu=cortex-m4 -std=gnu11 -g3 -DDEBUG -DUSE_HAL_DRIVER -DSTM32F401xE -c -I../Core/Inc -I../Drivers/STM32F4xx_HAL_Driver/Inc -I../Drivers/STM32F4xx_HAL_Driver/Inc/Legacy -I../Drivers/CMSIS/Device/ST/STM32F4xx/Include -I../Drivers/CMSIS/Include -O0 -ffunction-sections -fdata-sections -Wall -fstack-usage -MMD -MP -MF"Core/Src/main.d" -MT"Core/Src/main.o" --specs=nano.specs -mfpu=fpv4-sp-d16 -mfloat-abi=hard -mthumb -o "Core/Src/main.o"
arm-none-eabi-gcc -o "04.2_TIMER_DMA.elf" @"objects.list"   -mcpu=cortex-m4 -T"F:\OneDrive - Universidad Tecnologica del Peru\Estudios\Cursos\Microcontroladores\STM32\STM32 con HAL\codigo\04.2_TIMER_DMA\STM32F401RETX_FLASH.ld" --specs=nosys.specs -Wl,-Map="04.2_TIMER_DMA.map" -Wl,--gc-sections -static --specs=nano.specs -mfpu=fpv4-sp-d16 -mfloat-abi=hard -mthumb -Wl,--start-group -lc -lm -Wl,--end-group
Finished building target: 04.2_TIMER_DMA.elf
 
arm-none-eabi-size   04.2_TIMER_DMA.elf 
arm-none-eabi-objdump -h -S  04.2_TIMER_DMA.elf  > "04.2_TIMER_DMA.list"
   text	   data	    bss	    dec	    hex	filename
   9424	     28	   1740	  11192	   2bb8	04.2_TIMER_DMA.elf
Finished building: default.size.stdout
 
Finished building: 04.2_TIMER_DMA.list
 

21:25:44 Build Finished. 0 errors, 0 warnings. (took 2s.871ms)

