22:13:44 **** Incremental Build of configuration Debug for project 04.6_TIMER_OUTPUT_COMPARE ****
make -j2 all 
arm-none-eabi-gcc "../Core/Src/main.c" -mcpu=cortex-m4 -std=gnu11 -g3 -DDEBUG -DUSE_HAL_DRIVER -DSTM32F401xE -c -I../Core/Inc -I../Drivers/STM32F4xx_HAL_Driver/Inc -I../Drivers/STM32F4xx_HAL_Driver/Inc/Legacy -I../Drivers/CMSIS/Device/ST/STM32F4xx/Include -I../Drivers/CMSIS/Include -O0 -ffunction-sections -fdata-sections -Wall -fstack-usage -MMD -MP -MF"Core/Src/main.d" -MT"Core/Src/main.o" --specs=nano.specs -mfpu=fpv4-sp-d16 -mfloat-abi=hard -mthumb -o "Core/Src/main.o"
arm-none-eabi-gcc -o "04.6_TIMER_OUTPUT_COMPARE.elf" @"objects.list"   -mcpu=cortex-m4 -T"F:\OneDrive - Universidad Tecnologica del Peru\Estudios\Cursos\Microcontroladores\STM32\STM32 con HAL\codigo\04.6_TIMER_OUTPUT_COMPARE\STM32F401RETX_FLASH.ld" --specs=nosys.specs -Wl,-Map="04.6_TIMER_OUTPUT_COMPARE.map" -Wl,--gc-sections -static --specs=nano.specs -mfpu=fpv4-sp-d16 -mfloat-abi=hard -mthumb -u _printf_float -Wl,--start-group -lc -lm -Wl,--end-group
Finished building target: 04.6_TIMER_OUTPUT_COMPARE.elf
 
arm-none-eabi-size   04.6_TIMER_OUTPUT_COMPARE.elf 
arm-none-eabi-objdump -h -S  04.6_TIMER_OUTPUT_COMPARE.elf  > "04.6_TIMER_OUTPUT_COMPARE.list"
   text	   data	    bss	    dec	    hex	filename
  34400	    484	   2044	  36928	   9040	04.6_TIMER_OUTPUT_COMPARE.elf
Finished building: default.size.stdout
 
Finished building: 04.6_TIMER_OUTPUT_COMPARE.list
 

22:13:46 Build Finished. 0 errors, 0 warnings. (took 1s.422ms)

