18:06:39 **** Build of configuration Debug for project 00_GPIO ****
make -j2 all 
arm-none-eabi-gcc "../Drivers/STM32F4xx_HAL_Driver/Src/stm32f4xx_hal.c" -mcpu=cortex-m4 -std=gnu11 -g3 -DDEBUG -DUSE_HAL_DRIVER -DSTM32F401xE -c -I../Core/Inc -I../Drivers/STM32F4xx_HAL_Driver/Inc -I../Drivers/STM32F4xx_HAL_Driver/Inc/Legacy -I../Drivers/CMSIS/Device/ST/STM32F4xx/Include -I../Drivers/CMSIS/Include -O0 -ffunction-sections -fdata-sections -Wall -fstack-usage -MMD -MP -MF"Drivers/STM32F4xx_HAL_Driver/Src/stm32f4xx_hal.d" -MT"Drivers/STM32F4xx_HAL_Driver/Src/stm32f4xx_hal.o" --specs=nano.specs -mfpu=fpv4-sp-d16 -mfloat-abi=hard -mthumb -o "Drivers/STM32F4xx_HAL_Driver/Src/stm32f4xx_hal.o"
arm-none-eabi-gcc "../Drivers/STM32F4xx_HAL_Driver/Src/stm32f4xx_hal_cortex.c" -mcpu=cortex-m4 -std=gnu11 -g3 -DDEBUG -DUSE_HAL_DRIVER -DSTM32F401xE -c -I../Core/Inc -I../Drivers/STM32F4xx_HAL_Driver/Inc -I../Drivers/STM32F4xx_HAL_Driver/Inc/Legacy -I../Drivers/CMSIS/Device/ST/STM32F4xx/Include -I../Drivers/CMSIS/Include -O0 -ffunction-sections -fdata-sections -Wall -fstack-usage -MMD -MP -MF"Drivers/STM32F4xx_HAL_Driver/Src/stm32f4xx_hal_cortex.d" -MT"Drivers/STM32F4xx_HAL_Driver/Src/stm32f4xx_hal_cortex.o" --specs=nano.specs -mfpu=fpv4-sp-d16 -mfloat-abi=hard -mthumb -o "Drivers/STM32F4xx_HAL_Driver/Src/stm32f4xx_hal_cortex.o"
arm-none-eabi-gcc "../Drivers/STM32F4xx_HAL_Driver/Src/stm32f4xx_hal_dma.c" -mcpu=cortex-m4 -std=gnu11 -g3 -DDEBUG -DUSE_HAL_DRIVER -DSTM32F401xE -c -I../Core/Inc -I../Drivers/STM32F4xx_HAL_Driver/Inc -I../Drivers/STM32F4xx_HAL_Driver/Inc/Legacy -I../Drivers/CMSIS/Device/ST/STM32F4xx/Include -I../Drivers/CMSIS/Include -O0 -ffunction-sections -fdata-sections -Wall -fstack-usage -MMD -MP -MF"Drivers/STM32F4xx_HAL_Driver/Src/stm32f4xx_hal_dma.d" -MT"Drivers/STM32F4xx_HAL_Driver/Src/stm32f4xx_hal_dma.o" --specs=nano.specs -mfpu=fpv4-sp-d16 -mfloat-abi=hard -mthumb -o "Drivers/STM32F4xx_HAL_Driver/Src/stm32f4xx_hal_dma.o"
arm-none-eabi-gcc "../Drivers/STM32F4xx_HAL_Driver/Src/stm32f4xx_hal_dma_ex.c" -mcpu=cortex-m4 -std=gnu11 -g3 -DDEBUG -DUSE_HAL_DRIVER -DSTM32F401xE -c -I../Core/Inc -I../Drivers/STM32F4xx_HAL_Driver/Inc -I../Drivers/STM32F4xx_HAL_Driver/Inc/Legacy -I../Drivers/CMSIS/Device/ST/STM32F4xx/Include -I../Drivers/CMSIS/Include -O0 -ffunction-sections -fdata-sections -Wall -fstack-usage -MMD -MP -MF"Drivers/STM32F4xx_HAL_Driver/Src/stm32f4xx_hal_dma_ex.d" -MT"Drivers/STM32F4xx_HAL_Driver/Src/stm32f4xx_hal_dma_ex.o" --specs=nano.specs -mfpu=fpv4-sp-d16 -mfloat-abi=hard -mthumb -o "Drivers/STM32F4xx_HAL_Driver/Src/stm32f4xx_hal_dma_ex.o"
arm-none-eabi-gcc "../Drivers/STM32F4xx_HAL_Driver/Src/stm32f4xx_hal_exti.c" -mcpu=cortex-m4 -std=gnu11 -g3 -DDEBUG -DUSE_HAL_DRIVER -DSTM32F401xE -c -I../Core/Inc -I../Drivers/STM32F4xx_HAL_Driver/Inc -I../Drivers/STM32F4xx_HAL_Driver/Inc/Legacy -I../Drivers/CMSIS/Device/ST/STM32F4xx/Include -I../Drivers/CMSIS/Include -O0 -ffunction-sections -fdata-sections -Wall -fstack-usage -MMD -MP -MF"Drivers/STM32F4xx_HAL_Driver/Src/stm32f4xx_hal_exti.d" -MT"Drivers/STM32F4xx_HAL_Driver/Src/stm32f4xx_hal_exti.o" --specs=nano.specs -mfpu=fpv4-sp-d16 -mfloat-abi=hard -mthumb -o "Drivers/STM32F4xx_HAL_Driver/Src/stm32f4xx_hal_exti.o"
arm-none-eabi-gcc "../Drivers/STM32F4xx_HAL_Driver/Src/stm32f4xx_hal_flash.c" -mcpu=cortex-m4 -std=gnu11 -g3 -DDEBUG -DUSE_HAL_DRIVER -DSTM32F401xE -c -I../Core/Inc -I../Drivers/STM32F4xx_HAL_Driver/Inc -I../Drivers/STM32F4xx_HAL_Driver/Inc/Legacy -I../Drivers/CMSIS/Device/ST/STM32F4xx/Include -I../Drivers/CMSIS/Include -O0 -ffunction-sections -fdata-sections -Wall -fstack-usage -MMD -MP -MF"Drivers/STM32F4xx_HAL_Driver/Src/stm32f4xx_hal_flash.d" -MT"Drivers/STM32F4xx_HAL_Driver/Src/stm32f4xx_hal_flash.o" --specs=nano.specs -mfpu=fpv4-sp-d16 -mfloat-abi=hard -mthumb -o "Drivers/STM32F4xx_HAL_Driver/Src/stm32f4xx_hal_flash.o"
arm-none-eabi-gcc "../Drivers/STM32F4xx_HAL_Driver/Src/stm32f4xx_hal_flash_ex.c" -mcpu=cortex-m4 -std=gnu11 -g3 -DDEBUG -DUSE_HAL_DRIVER -DSTM32F401xE -c -I../Core/Inc -I../Drivers/STM32F4xx_HAL_Driver/Inc -I../Drivers/STM32F4xx_HAL_Driver/Inc/Legacy -I../Drivers/CMSIS/Device/ST/STM32F4xx/Include -I../Drivers/CMSIS/Include -O0 -ffunction-sections -fdata-sections -Wall -fstack-usage -MMD -MP -MF"Drivers/STM32F4xx_HAL_Driver/Src/stm32f4xx_hal_flash_ex.d" -MT"Drivers/STM32F4xx_HAL_Driver/Src/stm32f4xx_hal_flash_ex.o" --specs=nano.specs -mfpu=fpv4-sp-d16 -mfloat-abi=hard -mthumb -o "Drivers/STM32F4xx_HAL_Driver/Src/stm32f4xx_hal_flash_ex.o"
arm-none-eabi-gcc "../Drivers/STM32F4xx_HAL_Driver/Src/stm32f4xx_hal_flash_ramfunc.c" -mcpu=cortex-m4 -std=gnu11 -g3 -DDEBUG -DUSE_HAL_DRIVER -DSTM32F401xE -c -I../Core/Inc -I../Drivers/STM32F4xx_HAL_Driver/Inc -I../Drivers/STM32F4xx_HAL_Driver/Inc/Legacy -I../Drivers/CMSIS/Device/ST/STM32F4xx/Include -I../Drivers/CMSIS/Include -O0 -ffunction-sections -fdata-sections -Wall -fstack-usage -MMD -MP -MF"Drivers/STM32F4xx_HAL_Driver/Src/stm32f4xx_hal_flash_ramfunc.d" -MT"Drivers/STM32F4xx_HAL_Driver/Src/stm32f4xx_hal_flash_ramfunc.o" --specs=nano.specs -mfpu=fpv4-sp-d16 -mfloat-abi=hard -mthumb -o "Drivers/STM32F4xx_HAL_Driver/Src/stm32f4xx_hal_flash_ramfunc.o"
arm-none-eabi-gcc "../Drivers/STM32F4xx_HAL_Driver/Src/stm32f4xx_hal_gpio.c" -mcpu=cortex-m4 -std=gnu11 -g3 -DDEBUG -DUSE_HAL_DRIVER -DSTM32F401xE -c -I../Core/Inc -I../Drivers/STM32F4xx_HAL_Driver/Inc -I../Drivers/STM32F4xx_HAL_Driver/Inc/Legacy -I../Drivers/CMSIS/Device/ST/STM32F4xx/Include -I../Drivers/CMSIS/Include -O0 -ffunction-sections -fdata-sections -Wall -fstack-usage -MMD -MP -MF"Drivers/STM32F4xx_HAL_Driver/Src/stm32f4xx_hal_gpio.d" -MT"Drivers/STM32F4xx_HAL_Driver/Src/stm32f4xx_hal_gpio.o" --specs=nano.specs -mfpu=fpv4-sp-d16 -mfloat-abi=hard -mthumb -o "Drivers/STM32F4xx_HAL_Driver/Src/stm32f4xx_hal_gpio.o"
arm-none-eabi-gcc "../Drivers/STM32F4xx_HAL_Driver/Src/stm32f4xx_hal_pwr.c" -mcpu=cortex-m4 -std=gnu11 -g3 -DDEBUG -DUSE_HAL_DRIVER -DSTM32F401xE -c -I../Core/Inc -I../Drivers/STM32F4xx_HAL_Driver/Inc -I../Drivers/STM32F4xx_HAL_Driver/Inc/Legacy -I../Drivers/CMSIS/Device/ST/STM32F4xx/Include -I../Drivers/CMSIS/Include -O0 -ffunction-sections -fdata-sections -Wall -fstack-usage -MMD -MP -MF"Drivers/STM32F4xx_HAL_Driver/Src/stm32f4xx_hal_pwr.d" -MT"Drivers/STM32F4xx_HAL_Driver/Src/stm32f4xx_hal_pwr.o" --specs=nano.specs -mfpu=fpv4-sp-d16 -mfloat-abi=hard -mthumb -o "Drivers/STM32F4xx_HAL_Driver/Src/stm32f4xx_hal_pwr.o"
arm-none-eabi-gcc "../Drivers/STM32F4xx_HAL_Driver/Src/stm32f4xx_hal_pwr_ex.c" -mcpu=cortex-m4 -std=gnu11 -g3 -DDEBUG -DUSE_HAL_DRIVER -DSTM32F401xE -c -I../Core/Inc -I../Drivers/STM32F4xx_HAL_Driver/Inc -I../Drivers/STM32F4xx_HAL_Driver/Inc/Legacy -I../Drivers/CMSIS/Device/ST/STM32F4xx/Include -I../Drivers/CMSIS/Include -O0 -ffunction-sections -fdata-sections -Wall -fstack-usage -MMD -MP -MF"Drivers/STM32F4xx_HAL_Driver/Src/stm32f4xx_hal_pwr_ex.d" -MT"Drivers/STM32F4xx_HAL_Driver/Src/stm32f4xx_hal_pwr_ex.o" --specs=nano.specs -mfpu=fpv4-sp-d16 -mfloat-abi=hard -mthumb -o "Drivers/STM32F4xx_HAL_Driver/Src/stm32f4xx_hal_pwr_ex.o"
arm-none-eabi-gcc "../Drivers/STM32F4xx_HAL_Driver/Src/stm32f4xx_hal_rcc.c" -mcpu=cortex-m4 -std=gnu11 -g3 -DDEBUG -DUSE_HAL_DRIVER -DSTM32F401xE -c -I../Core/Inc -I../Drivers/STM32F4xx_HAL_Driver/Inc -I../Drivers/STM32F4xx_HAL_Driver/Inc/Legacy -I../Drivers/CMSIS/Device/ST/STM32F4xx/Include -I../Drivers/CMSIS/Include -O0 -ffunction-sections -fdata-sections -Wall -fstack-usage -MMD -MP -MF"Drivers/STM32F4xx_HAL_Driver/Src/stm32f4xx_hal_rcc.d" -MT"Drivers/STM32F4xx_HAL_Driver/Src/stm32f4xx_hal_rcc.o" --specs=nano.specs -mfpu=fpv4-sp-d16 -mfloat-abi=hard -mthumb -o "Drivers/STM32F4xx_HAL_Driver/Src/stm32f4xx_hal_rcc.o"
arm-none-eabi-gcc "../Drivers/STM32F4xx_HAL_Driver/Src/stm32f4xx_hal_rcc_ex.c" -mcpu=cortex-m4 -std=gnu11 -g3 -DDEBUG -DUSE_HAL_DRIVER -DSTM32F401xE -c -I../Core/Inc -I../Drivers/STM32F4xx_HAL_Driver/Inc -I../Drivers/STM32F4xx_HAL_Driver/Inc/Legacy -I../Drivers/CMSIS/Device/ST/STM32F4xx/Include -I../Drivers/CMSIS/Include -O0 -ffunction-sections -fdata-sections -Wall -fstack-usage -MMD -MP -MF"Drivers/STM32F4xx_HAL_Driver/Src/stm32f4xx_hal_rcc_ex.d" -MT"Drivers/STM32F4xx_HAL_Driver/Src/stm32f4xx_hal_rcc_ex.o" --specs=nano.specs -mfpu=fpv4-sp-d16 -mfloat-abi=hard -mthumb -o "Drivers/STM32F4xx_HAL_Driver/Src/stm32f4xx_hal_rcc_ex.o"
arm-none-eabi-gcc -mcpu=cortex-m4 -g3 -DDEBUG -c -x assembler-with-cpp -MMD -MP -MF"Core/Startup/startup_stm32f401retx.d" -MT"Core/Startup/startup_stm32f401retx.o" --specs=nano.specs -mfpu=fpv4-sp-d16 -mfloat-abi=hard -mthumb -o "Core/Startup/startup_stm32f401retx.o" "../Core/Startup/startup_stm32f401retx.s"
arm-none-eabi-gcc "../Core/Src/main.c" -mcpu=cortex-m4 -std=gnu11 -g3 -DDEBUG -DUSE_HAL_DRIVER -DSTM32F401xE -c -I../Core/Inc -I../Drivers/STM32F4xx_HAL_Driver/Inc -I../Drivers/STM32F4xx_HAL_Driver/Inc/Legacy -I../Drivers/CMSIS/Device/ST/STM32F4xx/Include -I../Drivers/CMSIS/Include -O0 -ffunction-sections -fdata-sections -Wall -fstack-usage -MMD -MP -MF"Core/Src/main.d" -MT"Core/Src/main.o" --specs=nano.specs -mfpu=fpv4-sp-d16 -mfloat-abi=hard -mthumb -o "Core/Src/main.o"
../Core/Src/main.c: In function 'main':
../Core/Src/main.c:103:4: error: too many arguments to function 'HAL_GPIO_TogglePin'
  103 |    HAL_GPIO_TogglePin(GPIOA, 5, bit_state);
      |    ^~~~~~~~~~~~~~~~~~
In file included from ../Core/Inc/stm32f4xx_hal_conf.h:278,
                 from ../Drivers/STM32F4xx_HAL_Driver/Inc/stm32f4xx_hal.h:29,
                 from ../Core/Inc/main.h:30,
                 from ../Core/Src/main.c:20:
../Drivers/STM32F4xx_HAL_Driver/Inc/stm32f4xx_hal_gpio.h:236:6: note: declared here
  236 | void HAL_GPIO_TogglePin(GPIO_TypeDef* GPIOx, uint16_t GPIO_Pin);
      |      ^~~~~~~~~~~~~~~~~~
../Core/Src/main.c:161:13: error: invalid storage class for function 'MX_GPIO_Init'
  161 | static void MX_GPIO_Init(void)
      |             ^~~~~~~~~~~~
../Core/Src/main.c:204:1: error: expected declaration or statement at end of input
  204 | }
      | ^
../Core/Src/main.c: At top level:
../Core/Src/main.c:49:13: warning: 'MX_GPIO_Init' used but never defined
   49 | static void MX_GPIO_Init(void);
      |             ^~~~~~~~~~~~
../Core/Src/main.c:195:6: warning: 'Error_Handler' defined but not used [-Wunused-function]
  195 | void Error_Handler(void)
      |      ^~~~~~~~~~~~~
../Core/Src/main.c:161:13: warning: 'MX_GPIO_Init' defined but not used [-Wunused-function]
  161 | static void MX_GPIO_Init(void)
      |             ^~~~~~~~~~~~
../Core/Src/main.c:119:6: warning: 'SystemClock_Config' defined but not used [-Wunused-function]
  119 | void SystemClock_Config(void)
      |      ^~~~~~~~~~~~~~~~~~
make: *** [Core/Src/subdir.mk:34: Core/Src/main.o] Error 1
make: *** Waiting for unfinished jobs....
"make -j2 all" terminated with exit code 2. Build might be incomplete.
18:07:42 **** Incremental Build of configuration Debug for project 00_GPIO ****
make -j2 all 
arm-none-eabi-gcc "../Core/Src/main.c" -mcpu=cortex-m4 -std=gnu11 -g3 -DDEBUG -DUSE_HAL_DRIVER -DSTM32F401xE -c -I../Core/Inc -I../Drivers/STM32F4xx_HAL_Driver/Inc -I../Drivers/STM32F4xx_HAL_Driver/Inc/Legacy -I../Drivers/CMSIS/Device/ST/STM32F4xx/Include -I../Drivers/CMSIS/Include -O0 -ffunction-sections -fdata-sections -Wall -fstack-usage -MMD -MP -MF"Core/Src/main.d" -MT"Core/Src/main.o" --specs=nano.specs -mfpu=fpv4-sp-d16 -mfloat-abi=hard -mthumb -o "Core/Src/main.o"
arm-none-eabi-gcc "../Core/Src/stm32f4xx_hal_msp.c" -mcpu=cortex-m4 -std=gnu11 -g3 -DDEBUG -DUSE_HAL_DRIVER -DSTM32F401xE -c -I../Core/Inc -I../Drivers/STM32F4xx_HAL_Driver/Inc -I../Drivers/STM32F4xx_HAL_Driver/Inc/Legacy -I../Drivers/CMSIS/Device/ST/STM32F4xx/Include -I../Drivers/CMSIS/Include -O0 -ffunction-sections -fdata-sections -Wall -fstack-usage -MMD -MP -MF"Core/Src/stm32f4xx_hal_msp.d" -MT"Core/Src/stm32f4xx_hal_msp.o" --specs=nano.specs -mfpu=fpv4-sp-d16 -mfloat-abi=hard -mthumb -o "Core/Src/stm32f4xx_hal_msp.o"
arm-none-eabi-gcc "../Core/Src/stm32f4xx_it.c" -mcpu=cortex-m4 -std=gnu11 -g3 -DDEBUG -DUSE_HAL_DRIVER -DSTM32F401xE -c -I../Core/Inc -I../Drivers/STM32F4xx_HAL_Driver/Inc -I../Drivers/STM32F4xx_HAL_Driver/Inc/Legacy -I../Drivers/CMSIS/Device/ST/STM32F4xx/Include -I../Drivers/CMSIS/Include -O0 -ffunction-sections -fdata-sections -Wall -fstack-usage -MMD -MP -MF"Core/Src/stm32f4xx_it.d" -MT"Core/Src/stm32f4xx_it.o" --specs=nano.specs -mfpu=fpv4-sp-d16 -mfloat-abi=hard -mthumb -o "Core/Src/stm32f4xx_it.o"
arm-none-eabi-gcc "../Core/Src/syscalls.c" -mcpu=cortex-m4 -std=gnu11 -g3 -DDEBUG -DUSE_HAL_DRIVER -DSTM32F401xE -c -I../Core/Inc -I../Drivers/STM32F4xx_HAL_Driver/Inc -I../Drivers/STM32F4xx_HAL_Driver/Inc/Legacy -I../Drivers/CMSIS/Device/ST/STM32F4xx/Include -I../Drivers/CMSIS/Include -O0 -ffunction-sections -fdata-sections -Wall -fstack-usage -MMD -MP -MF"Core/Src/syscalls.d" -MT"Core/Src/syscalls.o" --specs=nano.specs -mfpu=fpv4-sp-d16 -mfloat-abi=hard -mthumb -o "Core/Src/syscalls.o"
arm-none-eabi-gcc "../Core/Src/sysmem.c" -mcpu=cortex-m4 -std=gnu11 -g3 -DDEBUG -DUSE_HAL_DRIVER -DSTM32F401xE -c -I../Core/Inc -I../Drivers/STM32F4xx_HAL_Driver/Inc -I../Drivers/STM32F4xx_HAL_Driver/Inc/Legacy -I../Drivers/CMSIS/Device/ST/STM32F4xx/Include -I../Drivers/CMSIS/Include -O0 -ffunction-sections -fdata-sections -Wall -fstack-usage -MMD -MP -MF"Core/Src/sysmem.d" -MT"Core/Src/sysmem.o" --specs=nano.specs -mfpu=fpv4-sp-d16 -mfloat-abi=hard -mthumb -o "Core/Src/sysmem.o"
arm-none-eabi-gcc "../Core/Src/system_stm32f4xx.c" -mcpu=cortex-m4 -std=gnu11 -g3 -DDEBUG -DUSE_HAL_DRIVER -DSTM32F401xE -c -I../Core/Inc -I../Drivers/STM32F4xx_HAL_Driver/Inc -I../Drivers/STM32F4xx_HAL_Driver/Inc/Legacy -I../Drivers/CMSIS/Device/ST/STM32F4xx/Include -I../Drivers/CMSIS/Include -O0 -ffunction-sections -fdata-sections -Wall -fstack-usage -MMD -MP -MF"Core/Src/system_stm32f4xx.d" -MT"Core/Src/system_stm32f4xx.o" --specs=nano.specs -mfpu=fpv4-sp-d16 -mfloat-abi=hard -mthumb -o "Core/Src/system_stm32f4xx.o"
arm-none-eabi-gcc -o "00_GPIO.elf" @"objects.list"   -mcpu=cortex-m4 -T"F:\OneDrive - Universidad Tecnologica del Peru\Estudios\Cursos\Microcontroladores\STM32\STM32 con HAL\codigo\00_GPIO\STM32F401RETX_FLASH.ld" --specs=nosys.specs -Wl,-Map="00_GPIO.map" -Wl,--gc-sections -static --specs=nano.specs -mfpu=fpv4-sp-d16 -mfloat-abi=hard -mthumb -Wl,--start-group -lc -lm -Wl,--end-group
Finished building target: 00_GPIO.elf
 
arm-none-eabi-size   00_GPIO.elf 
arm-none-eabi-objdump -h -S  00_GPIO.elf  > "00_GPIO.list"
   text	   data	    bss	    dec	    hex	filename
   5776	     20	   1572	   7368	   1cc8	00_GPIO.elf
Finished building: default.size.stdout
 
Finished building: 00_GPIO.list
 
18:07:55 **** Incremental Build of configuration Debug for project 00_GPIO ****
make -j2 all 
arm-none-eabi-gcc "../Core/Src/main.c" -mcpu=cortex-m4 -std=gnu11 -g3 -DDEBUG -DUSE_HAL_DRIVER -DSTM32F401xE -c -I../Core/Inc -I../Drivers/STM32F4xx_HAL_Driver/Inc -I../Drivers/STM32F4xx_HAL_Driver/Inc/Legacy -I../Drivers/CMSIS/Device/ST/STM32F4xx/Include -I../Drivers/CMSIS/Include -O0 -ffunction-sections -fdata-sections -Wall -fstack-usage -MMD -MP -MF"Core/Src/main.d" -MT"Core/Src/main.o" --specs=nano.specs -mfpu=fpv4-sp-d16 -mfloat-abi=hard -mthumb -o "Core/Src/main.o"
arm-none-eabi-gcc -o "00_GPIO.elf" @"objects.list"   -mcpu=cortex-m4 -T"F:\OneDrive - Universidad Tecnologica del Peru\Estudios\Cursos\Microcontroladores\STM32\STM32 con HAL\codigo\00_GPIO\STM32F401RETX_FLASH.ld" --specs=nosys.specs -Wl,-Map="00_GPIO.map" -Wl,--gc-sections -static --specs=nano.specs -mfpu=fpv4-sp-d16 -mfloat-abi=hard -mthumb -Wl,--start-group -lc -lm -Wl,--end-group
Finished building target: 00_GPIO.elf
 
arm-none-eabi-size   00_GPIO.elf 
arm-none-eabi-objdump -h -S  00_GPIO.elf  > "00_GPIO.list"
   text	   data	    bss	    dec	    hex	filename
   5684	     20	   1572	   7276	   1c6c	00_GPIO.elf
Finished building: default.size.stdout
 
Finished building: 00_GPIO.list
 
18:09:25 **** Incremental Build of configuration Debug for project 00_GPIO ****
make -j2 all 
arm-none-eabi-gcc "../Core/Src/main.c" -mcpu=cortex-m4 -std=gnu11 -g3 -DDEBUG -DUSE_HAL_DRIVER -DSTM32F401xE -c -I../Core/Inc -I../Drivers/STM32F4xx_HAL_Driver/Inc -I../Drivers/STM32F4xx_HAL_Driver/Inc/Legacy -I../Drivers/CMSIS/Device/ST/STM32F4xx/Include -I../Drivers/CMSIS/Include -O0 -ffunction-sections -fdata-sections -Wall -fstack-usage -MMD -MP -MF"Core/Src/main.d" -MT"Core/Src/main.o" --specs=nano.specs -mfpu=fpv4-sp-d16 -mfloat-abi=hard -mthumb -o "Core/Src/main.o"
arm-none-eabi-gcc -o "00_GPIO.elf" @"objects.list"   -mcpu=cortex-m4 -T"F:\OneDrive - Universidad Tecnologica del Peru\Estudios\Cursos\Microcontroladores\STM32\STM32 con HAL\codigo\00_GPIO\STM32F401RETX_FLASH.ld" --specs=nosys.specs -Wl,-Map="00_GPIO.map" -Wl,--gc-sections -static --specs=nano.specs -mfpu=fpv4-sp-d16 -mfloat-abi=hard -mthumb -Wl,--start-group -lc -lm -Wl,--end-group
Finished building target: 00_GPIO.elf
 
arm-none-eabi-size   00_GPIO.elf 
arm-none-eabi-objdump -h -S  00_GPIO.elf  > "00_GPIO.list"
   text	   data	    bss	    dec	    hex	filename
   5724	     20	   1572	   7316	   1c94	00_GPIO.elf
Finished building: default.size.stdout
 
Finished building: 00_GPIO.list
 
18:09:30 **** Incremental Build of configuration Debug for project 00_GPIO ****
make -j2 all 
arm-none-eabi-size   00_GPIO.elf 
   text	   data	    bss	    dec	    hex	filename
   5724	     20	   1572	   7316	   1c94	00_GPIO.elf
Finished building: default.size.stdout
 
18:34:17 **** Incremental Build of configuration Debug for project 00_GPIO ****
make -j2 all 
arm-none-eabi-gcc "../Core/Src/main.c" -mcpu=cortex-m4 -std=gnu11 -g3 -DDEBUG -DUSE_HAL_DRIVER -DSTM32F401xE -c -I../Core/Inc -I../Drivers/STM32F4xx_HAL_Driver/Inc -I../Drivers/STM32F4xx_HAL_Driver/Inc/Legacy -I../Drivers/CMSIS/Device/ST/STM32F4xx/Include -I../Drivers/CMSIS/Include -O0 -ffunction-sections -fdata-sections -Wall -fstack-usage -MMD -MP -MF"Core/Src/main.d" -MT"Core/Src/main.o" --specs=nano.specs -mfpu=fpv4-sp-d16 -mfloat-abi=hard -mthumb -o "Core/Src/main.o"
arm-none-eabi-gcc -o "00_GPIO.elf" @"objects.list"   -mcpu=cortex-m4 -T"F:\OneDrive - Universidad Tecnologica del Peru\Estudios\Cursos\Microcontroladores\STM32\STM32 con HAL\codigo\00_GPIO\STM32F401RETX_FLASH.ld" --specs=nosys.specs -Wl,-Map="00_GPIO.map" -Wl,--gc-sections -static --specs=nano.specs -mfpu=fpv4-sp-d16 -mfloat-abi=hard -mthumb -Wl,--start-group -lc -lm -Wl,--end-group
Finished building target: 00_GPIO.elf
 
arm-none-eabi-size   00_GPIO.elf 
arm-none-eabi-objdump -h -S  00_GPIO.elf  > "00_GPIO.list"
   text	   data	    bss	    dec	    hex	filename
   5724	     20	   1572	   7316	   1c94	00_GPIO.elf
Finished building: default.size.stdout
 
arm-none-eabi-objcopy  -O ihex  00_GPIO.elf  "00_GPIO.hex"
Finished building: 00_GPIO.list
 
Finished building: 00_GPIO.hex
 
18:35:45 **** Incremental Build of configuration Debug for project 00_GPIO ****
make -j2 all 
arm-none-eabi-gcc "../Core/Src/main.c" -mcpu=cortex-m4 -std=gnu11 -g3 -DDEBUG -DUSE_HAL_DRIVER -DSTM32F401xE -c -I../Core/Inc -I../Drivers/STM32F4xx_HAL_Driver/Inc -I../Drivers/STM32F4xx_HAL_Driver/Inc/Legacy -I../Drivers/CMSIS/Device/ST/STM32F4xx/Include -I../Drivers/CMSIS/Include -O0 -ffunction-sections -fdata-sections -Wall -fstack-usage -MMD -MP -MF"Core/Src/main.d" -MT"Core/Src/main.o" --specs=nano.specs -mfpu=fpv4-sp-d16 -mfloat-abi=hard -mthumb -o "Core/Src/main.o"
../Core/Src/main.c: In function 'main':
../Core/Src/main.c:93:12: warning: unused variable 'bit_state' [-Wunused-variable]
   93 |   uint16_t bit_state;
      |            ^~~~~~~~~
arm-none-eabi-gcc -o "00_GPIO.elf" @"objects.list"   -mcpu=cortex-m4 -T"F:\OneDrive - Universidad Tecnologica del Peru\Estudios\Cursos\Microcontroladores\STM32\STM32 con HAL\codigo\00_GPIO\STM32F401RETX_FLASH.ld" --specs=nosys.specs -Wl,-Map="00_GPIO.map" -Wl,--gc-sections -static --specs=nano.specs -mfpu=fpv4-sp-d16 -mfloat-abi=hard -mthumb -Wl,--start-group -lc -lm -Wl,--end-group
Finished building target: 00_GPIO.elf
 
arm-none-eabi-size   00_GPIO.elf 
arm-none-eabi-objdump -h -S  00_GPIO.elf  > "00_GPIO.list"
   text	   data	    bss	    dec	    hex	filename
   5792	     20	   1572	   7384	   1cd8	00_GPIO.elf
Finished building: default.size.stdout
Finished building: 00_GPIO.list
 
arm-none-eabi-objcopy  -O ihex  00_GPIO.elf  "00_GPIO.hex"
 
Finished building: 00_GPIO.hex
 
18:37:49 **** Incremental Build of configuration Debug for project 00_GPIO ****
make -j2 all 
arm-none-eabi-gcc "../Core/Src/main.c" -mcpu=cortex-m4 -std=gnu11 -g3 -DDEBUG -DUSE_HAL_DRIVER -DSTM32F401xE -c -I../Core/Inc -I../Drivers/STM32F4xx_HAL_Driver/Inc -I../Drivers/STM32F4xx_HAL_Driver/Inc/Legacy -I../Drivers/CMSIS/Device/ST/STM32F4xx/Include -I../Drivers/CMSIS/Include -O0 -ffunction-sections -fdata-sections -Wall -fstack-usage -MMD -MP -MF"Core/Src/main.d" -MT"Core/Src/main.o" --specs=nano.specs -mfpu=fpv4-sp-d16 -mfloat-abi=hard -mthumb -o "Core/Src/main.o"
arm-none-eabi-gcc -o "00_GPIO.elf" @"objects.list"   -mcpu=cortex-m4 -T"F:\OneDrive - Universidad Tecnologica del Peru\Estudios\Cursos\Microcontroladores\STM32\STM32 con HAL\codigo\00_GPIO\STM32F401RETX_FLASH.ld" --specs=nosys.specs -Wl,-Map="00_GPIO.map" -Wl,--gc-sections -static --specs=nano.specs -mfpu=fpv4-sp-d16 -mfloat-abi=hard -mthumb -Wl,--start-group -lc -lm -Wl,--end-group
Finished building target: 00_GPIO.elf
 
arm-none-eabi-size   00_GPIO.elf 
arm-none-eabi-objdump -h -S  00_GPIO.elf  > "00_GPIO.list"
   text	   data	    bss	    dec	    hex	filename
   5880	     20	   1572	   7472	   1d30	00_GPIO.elf
Finished building: default.size.stdout
 
arm-none-eabi-objcopy  -O ihex  00_GPIO.elf  "00_GPIO.hex"
Finished building: 00_GPIO.list
 
Finished building: 00_GPIO.hex
 
18:38:35 **** Incremental Build of configuration Debug for project 00_GPIO ****
make -j2 all 
arm-none-eabi-gcc "../Core/Src/main.c" -mcpu=cortex-m4 -std=gnu11 -g3 -DDEBUG -DUSE_HAL_DRIVER -DSTM32F401xE -c -I../Core/Inc -I../Drivers/STM32F4xx_HAL_Driver/Inc -I../Drivers/STM32F4xx_HAL_Driver/Inc/Legacy -I../Drivers/CMSIS/Device/ST/STM32F4xx/Include -I../Drivers/CMSIS/Include -O0 -ffunction-sections -fdata-sections -Wall -fstack-usage -MMD -MP -MF"Core/Src/main.d" -MT"Core/Src/main.o" --specs=nano.specs -mfpu=fpv4-sp-d16 -mfloat-abi=hard -mthumb -o "Core/Src/main.o"
arm-none-eabi-gcc -o "00_GPIO.elf" @"objects.list"   -mcpu=cortex-m4 -T"F:\OneDrive - Universidad Tecnologica del Peru\Estudios\Cursos\Microcontroladores\STM32\STM32 con HAL\codigo\00_GPIO\STM32F401RETX_FLASH.ld" --specs=nosys.specs -Wl,-Map="00_GPIO.map" -Wl,--gc-sections -static --specs=nano.specs -mfpu=fpv4-sp-d16 -mfloat-abi=hard -mthumb -Wl,--start-group -lc -lm -Wl,--end-group
Finished building target: 00_GPIO.elf
 
arm-none-eabi-size   00_GPIO.elf 
arm-none-eabi-objdump -h -S  00_GPIO.elf  > "00_GPIO.list"
   text	   data	    bss	    dec	    hex	filename
   5776	     20	   1572	   7368	   1cc8	00_GPIO.elf
Finished building: default.size.stdout
 
arm-none-eabi-objcopy  -O ihex  00_GPIO.elf  "00_GPIO.hex"
Finished building: 00_GPIO.list
 
Finished building: 00_GPIO.hex
 
18:41:23 **** Incremental Build of configuration Debug for project 00_GPIO ****
make -j2 all 
arm-none-eabi-gcc "../Core/Src/main.c" -mcpu=cortex-m4 -std=gnu11 -g3 -DDEBUG -DUSE_HAL_DRIVER -DSTM32F401xE -c -I../Core/Inc -I../Drivers/STM32F4xx_HAL_Driver/Inc -I../Drivers/STM32F4xx_HAL_Driver/Inc/Legacy -I../Drivers/CMSIS/Device/ST/STM32F4xx/Include -I../Drivers/CMSIS/Include -O0 -ffunction-sections -fdata-sections -Wall -fstack-usage -MMD -MP -MF"Core/Src/main.d" -MT"Core/Src/main.o" --specs=nano.specs -mfpu=fpv4-sp-d16 -mfloat-abi=hard -mthumb -o "Core/Src/main.o"
arm-none-eabi-gcc -o "00_GPIO.elf" @"objects.list"   -mcpu=cortex-m4 -T"F:\OneDrive - Universidad Tecnologica del Peru\Estudios\Cursos\Microcontroladores\STM32\STM32 con HAL\codigo\00_GPIO\STM32F401RETX_FLASH.ld" --specs=nosys.specs -Wl,-Map="00_GPIO.map" -Wl,--gc-sections -static --specs=nano.specs -mfpu=fpv4-sp-d16 -mfloat-abi=hard -mthumb -Wl,--start-group -lc -lm -Wl,--end-group
Finished building target: 00_GPIO.elf
 
arm-none-eabi-size   00_GPIO.elf 
arm-none-eabi-objdump -h -S  00_GPIO.elf  > "00_GPIO.list"
   text	   data	    bss	    dec	    hex	filename
   5776	     20	   1572	   7368	   1cc8	00_GPIO.elf
Finished building: default.size.stdout
 
arm-none-eabi-objcopy  -O ihex  00_GPIO.elf  "00_GPIO.hex"
Finished building: 00_GPIO.list
 
Finished building: 00_GPIO.hex
 
18:45:46 **** Incremental Build of configuration Debug for project 00_GPIO ****
make -j2 all 
arm-none-eabi-gcc "../Core/Src/main.c" -mcpu=cortex-m4 -std=gnu11 -g3 -DDEBUG -DUSE_HAL_DRIVER -DSTM32F401xE -c -I../Core/Inc -I../Drivers/STM32F4xx_HAL_Driver/Inc -I../Drivers/STM32F4xx_HAL_Driver/Inc/Legacy -I../Drivers/CMSIS/Device/ST/STM32F4xx/Include -I../Drivers/CMSIS/Include -O0 -ffunction-sections -fdata-sections -Wall -fstack-usage -MMD -MP -MF"Core/Src/main.d" -MT"Core/Src/main.o" --specs=nano.specs -mfpu=fpv4-sp-d16 -mfloat-abi=hard -mthumb -o "Core/Src/main.o"
arm-none-eabi-gcc -o "00_GPIO.elf" @"objects.list"   -mcpu=cortex-m4 -T"F:\OneDrive - Universidad Tecnologica del Peru\Estudios\Cursos\Microcontroladores\STM32\STM32 con HAL\codigo\00_GPIO\STM32F401RETX_FLASH.ld" --specs=nosys.specs -Wl,-Map="00_GPIO.map" -Wl,--gc-sections -static --specs=nano.specs -mfpu=fpv4-sp-d16 -mfloat-abi=hard -mthumb -Wl,--start-group -lc -lm -Wl,--end-group
Finished building target: 00_GPIO.elf
 
arm-none-eabi-size   00_GPIO.elf 
arm-none-eabi-objdump -h -S  00_GPIO.elf  > "00_GPIO.list"
   text	   data	    bss	    dec	    hex	filename
   5776	     20	   1572	   7368	   1cc8	00_GPIO.elf
Finished building: default.size.stdout
 
arm-none-eabi-objcopy  -O ihex  00_GPIO.elf  "00_GPIO.hex"
Finished building: 00_GPIO.list
 
Finished building: 00_GPIO.hex
 
18:46:25 **** Incremental Build of configuration Debug for project 00_GPIO ****
make -j2 all 
arm-none-eabi-gcc "../Core/Src/main.c" -mcpu=cortex-m4 -std=gnu11 -g3 -DDEBUG -DUSE_HAL_DRIVER -DSTM32F401xE -c -I../Core/Inc -I../Drivers/STM32F4xx_HAL_Driver/Inc -I../Drivers/STM32F4xx_HAL_Driver/Inc/Legacy -I../Drivers/CMSIS/Device/ST/STM32F4xx/Include -I../Drivers/CMSIS/Include -O0 -ffunction-sections -fdata-sections -Wall -fstack-usage -MMD -MP -MF"Core/Src/main.d" -MT"Core/Src/main.o" --specs=nano.specs -mfpu=fpv4-sp-d16 -mfloat-abi=hard -mthumb -o "Core/Src/main.o"
arm-none-eabi-gcc -o "00_GPIO.elf" @"objects.list"   -mcpu=cortex-m4 -T"F:\OneDrive - Universidad Tecnologica del Peru\Estudios\Cursos\Microcontroladores\STM32\STM32 con HAL\codigo\00_GPIO\STM32F401RETX_FLASH.ld" --specs=nosys.specs -Wl,-Map="00_GPIO.map" -Wl,--gc-sections -static --specs=nano.specs -mfpu=fpv4-sp-d16 -mfloat-abi=hard -mthumb -Wl,--start-group -lc -lm -Wl,--end-group
Finished building target: 00_GPIO.elf
 
arm-none-eabi-size   00_GPIO.elf 
arm-none-eabi-objdump -h -S  00_GPIO.elf  > "00_GPIO.list"
   text	   data	    bss	    dec	    hex	filename
   5856	     20	   1572	   7448	   1d18	00_GPIO.elf
Finished building: default.size.stdout
 
arm-none-eabi-objcopy  -O ihex  00_GPIO.elf  "00_GPIO.hex"
Finished building: 00_GPIO.list
 
Finished building: 00_GPIO.hex
 
18:47:28 **** Incremental Build of configuration Debug for project 00_GPIO ****
make -j2 all 
arm-none-eabi-gcc "../Core/Src/main.c" -mcpu=cortex-m4 -std=gnu11 -g3 -DDEBUG -DUSE_HAL_DRIVER -DSTM32F401xE -c -I../Core/Inc -I../Drivers/STM32F4xx_HAL_Driver/Inc -I../Drivers/STM32F4xx_HAL_Driver/Inc/Legacy -I../Drivers/CMSIS/Device/ST/STM32F4xx/Include -I../Drivers/CMSIS/Include -O0 -ffunction-sections -fdata-sections -Wall -fstack-usage -MMD -MP -MF"Core/Src/main.d" -MT"Core/Src/main.o" --specs=nano.specs -mfpu=fpv4-sp-d16 -mfloat-abi=hard -mthumb -o "Core/Src/main.o"
arm-none-eabi-gcc -o "00_GPIO.elf" @"objects.list"   -mcpu=cortex-m4 -T"F:\OneDrive - Universidad Tecnologica del Peru\Estudios\Cursos\Microcontroladores\STM32\STM32 con HAL\codigo\00_GPIO\STM32F401RETX_FLASH.ld" --specs=nosys.specs -Wl,-Map="00_GPIO.map" -Wl,--gc-sections -static --specs=nano.specs -mfpu=fpv4-sp-d16 -mfloat-abi=hard -mthumb -Wl,--start-group -lc -lm -Wl,--end-group
Finished building target: 00_GPIO.elf
 
arm-none-eabi-size   00_GPIO.elf 
arm-none-eabi-objdump -h -S  00_GPIO.elf  > "00_GPIO.list"
   text	   data	    bss	    dec	    hex	filename
   5856	     20	   1572	   7448	   1d18	00_GPIO.elf
Finished building: default.size.stdout
 
Finished building: 00_GPIO.list
arm-none-eabi-objcopy  -O ihex  00_GPIO.elf  "00_GPIO.hex"
 
Finished building: 00_GPIO.hex
 
18:51:55 **** Incremental Build of configuration Debug for project 00_GPIO ****
make -j2 all 
arm-none-eabi-gcc "../Core/Src/main.c" -mcpu=cortex-m4 -std=gnu11 -g3 -DDEBUG -DUSE_HAL_DRIVER -DSTM32F401xE -c -I../Core/Inc -I../Drivers/STM32F4xx_HAL_Driver/Inc -I../Drivers/STM32F4xx_HAL_Driver/Inc/Legacy -I../Drivers/CMSIS/Device/ST/STM32F4xx/Include -I../Drivers/CMSIS/Include -O0 -ffunction-sections -fdata-sections -Wall -fstack-usage -MMD -MP -MF"Core/Src/main.d" -MT"Core/Src/main.o" --specs=nano.specs -mfpu=fpv4-sp-d16 -mfloat-abi=hard -mthumb -o "Core/Src/main.o"
arm-none-eabi-gcc -o "00_GPIO.elf" @"objects.list"   -mcpu=cortex-m4 -T"F:\OneDrive - Universidad Tecnologica del Peru\Estudios\Cursos\Microcontroladores\STM32\STM32 con HAL\codigo\00_GPIO\STM32F401RETX_FLASH.ld" --specs=nosys.specs -Wl,-Map="00_GPIO.map" -Wl,--gc-sections -static --specs=nano.specs -mfpu=fpv4-sp-d16 -mfloat-abi=hard -mthumb -Wl,--start-group -lc -lm -Wl,--end-group
Finished building target: 00_GPIO.elf
 
arm-none-eabi-size   00_GPIO.elf 
arm-none-eabi-objdump -h -S  00_GPIO.elf  > "00_GPIO.list"
   text	   data	    bss	    dec	    hex	filename
   5856	     20	   1572	   7448	   1d18	00_GPIO.elf
Finished building: default.size.stdout
 
Finished building: 00_GPIO.list
arm-none-eabi-objcopy  -O ihex  00_GPIO.elf  "00_GPIO.hex"
 
Finished building: 00_GPIO.hex
 
18:53:03 **** Incremental Build of configuration Debug for project 00_GPIO ****
make -j2 all 
arm-none-eabi-size   00_GPIO.elf 
   text	   data	    bss	    dec	    hex	filename
   5856	     20	   1572	   7448	   1d18	00_GPIO.elf
Finished building: default.size.stdout
 
18:53:35 **** Incremental Build of configuration Debug for project 00_GPIO ****
make -j2 all 
arm-none-eabi-gcc "../Core/Src/main.c" -mcpu=cortex-m4 -std=gnu11 -g3 -DDEBUG -DUSE_HAL_DRIVER -DSTM32F401xE -c -I../Core/Inc -I../Drivers/STM32F4xx_HAL_Driver/Inc -I../Drivers/STM32F4xx_HAL_Driver/Inc/Legacy -I../Drivers/CMSIS/Device/ST/STM32F4xx/Include -I../Drivers/CMSIS/Include -O0 -ffunction-sections -fdata-sections -Wall -fstack-usage -MMD -MP -MF"Core/Src/main.d" -MT"Core/Src/main.o" --specs=nano.specs -mfpu=fpv4-sp-d16 -mfloat-abi=hard -mthumb -o "Core/Src/main.o"
arm-none-eabi-gcc -o "00_GPIO.elf" @"objects.list"   -mcpu=cortex-m4 -T"F:\OneDrive - Universidad Tecnologica del Peru\Estudios\Cursos\Microcontroladores\STM32\STM32 con HAL\codigo\00_GPIO\STM32F401RETX_FLASH.ld" --specs=nosys.specs -Wl,-Map="00_GPIO.map" -Wl,--gc-sections -static --specs=nano.specs -mfpu=fpv4-sp-d16 -mfloat-abi=hard -mthumb -Wl,--start-group -lc -lm -Wl,--end-group
Finished building target: 00_GPIO.elf
 
arm-none-eabi-size   00_GPIO.elf 
arm-none-eabi-objdump -h -S  00_GPIO.elf  > "00_GPIO.list"
   text	   data	    bss	    dec	    hex	filename
   5856	     20	   1572	   7448	   1d18	00_GPIO.elf
Finished building: default.size.stdout
 
arm-none-eabi-objcopy  -O ihex  00_GPIO.elf  "00_GPIO.hex"
Finished building: 00_GPIO.list
 
Finished building: 00_GPIO.hex
 
18:53:47 **** Incremental Build of configuration Debug for project 00_GPIO ****
make -j2 all 
arm-none-eabi-size   00_GPIO.elf 
   text	   data	    bss	    dec	    hex	filename
   5856	     20	   1572	   7448	   1d18	00_GPIO.elf
Finished building: default.size.stdout
 
19:00:36 **** Incremental Build of configuration Debug for project 00_GPIO ****
make -j2 all 
arm-none-eabi-gcc "../Core/Src/main.c" -mcpu=cortex-m4 -std=gnu11 -g3 -DDEBUG -DUSE_HAL_DRIVER -DSTM32F401xE -c -I../Core/Inc -I../Drivers/STM32F4xx_HAL_Driver/Inc -I../Drivers/STM32F4xx_HAL_Driver/Inc/Legacy -I../Drivers/CMSIS/Device/ST/STM32F4xx/Include -I../Drivers/CMSIS/Include -O0 -ffunction-sections -fdata-sections -Wall -fstack-usage -MMD -MP -MF"Core/Src/main.d" -MT"Core/Src/main.o" --specs=nano.specs -mfpu=fpv4-sp-d16 -mfloat-abi=hard -mthumb -o "Core/Src/main.o"
arm-none-eabi-gcc "../Core/Src/stm32f4xx_hal_msp.c" -mcpu=cortex-m4 -std=gnu11 -g3 -DDEBUG -DUSE_HAL_DRIVER -DSTM32F401xE -c -I../Core/Inc -I../Drivers/STM32F4xx_HAL_Driver/Inc -I../Drivers/STM32F4xx_HAL_Driver/Inc/Legacy -I../Drivers/CMSIS/Device/ST/STM32F4xx/Include -I../Drivers/CMSIS/Include -O0 -ffunction-sections -fdata-sections -Wall -fstack-usage -MMD -MP -MF"Core/Src/stm32f4xx_hal_msp.d" -MT"Core/Src/stm32f4xx_hal_msp.o" --specs=nano.specs -mfpu=fpv4-sp-d16 -mfloat-abi=hard -mthumb -o "Core/Src/stm32f4xx_hal_msp.o"
arm-none-eabi-gcc "../Core/Src/stm32f4xx_it.c" -mcpu=cortex-m4 -std=gnu11 -g3 -DDEBUG -DUSE_HAL_DRIVER -DSTM32F401xE -c -I../Core/Inc -I../Drivers/STM32F4xx_HAL_Driver/Inc -I../Drivers/STM32F4xx_HAL_Driver/Inc/Legacy -I../Drivers/CMSIS/Device/ST/STM32F4xx/Include -I../Drivers/CMSIS/Include -O0 -ffunction-sections -fdata-sections -Wall -fstack-usage -MMD -MP -MF"Core/Src/stm32f4xx_it.d" -MT"Core/Src/stm32f4xx_it.o" --specs=nano.specs -mfpu=fpv4-sp-d16 -mfloat-abi=hard -mthumb -o "Core/Src/stm32f4xx_it.o"
arm-none-eabi-gcc -o "00_GPIO.elf" @"objects.list"   -mcpu=cortex-m4 -T"F:\OneDrive - Universidad Tecnologica del Peru\Estudios\Cursos\Microcontroladores\STM32\STM32 con HAL\codigo\00_GPIO\STM32F401RETX_FLASH.ld" --specs=nosys.specs -Wl,-Map="00_GPIO.map" -Wl,--gc-sections -static --specs=nano.specs -mfpu=fpv4-sp-d16 -mfloat-abi=hard -mthumb -Wl,--start-group -lc -lm -Wl,--end-group
Finished building target: 00_GPIO.elf
 
arm-none-eabi-size   00_GPIO.elf 
arm-none-eabi-objdump -h -S  00_GPIO.elf  > "00_GPIO.list"
   text	   data	    bss	    dec	    hex	filename
   5948	     20	   1572	   7540	   1d74	00_GPIO.elf
Finished building: default.size.stdout
 
Finished building: 00_GPIO.list
arm-none-eabi-objcopy  -O ihex  00_GPIO.elf  "00_GPIO.hex"
 
Finished building: 00_GPIO.hex
 
19:00:48 **** Incremental Build of configuration Debug for project 00_GPIO ****
make -j2 all 
arm-none-eabi-size   00_GPIO.elf 
   text	   data	    bss	    dec	    hex	filename
   5948	     20	   1572	   7540	   1d74	00_GPIO.elf
Finished building: default.size.stdout
 
19:03:34 **** Incremental Build of configuration Debug for project 00_GPIO ****
make -j2 all 
arm-none-eabi-gcc "../Core/Src/main.c" -mcpu=cortex-m4 -std=gnu11 -g3 -DDEBUG -DUSE_HAL_DRIVER -DSTM32F401xE -c -I../Core/Inc -I../Drivers/STM32F4xx_HAL_Driver/Inc -I../Drivers/STM32F4xx_HAL_Driver/Inc/Legacy -I../Drivers/CMSIS/Device/ST/STM32F4xx/Include -I../Drivers/CMSIS/Include -O0 -ffunction-sections -fdata-sections -Wall -fstack-usage -MMD -MP -MF"Core/Src/main.d" -MT"Core/Src/main.o" --specs=nano.specs -mfpu=fpv4-sp-d16 -mfloat-abi=hard -mthumb -o "Core/Src/main.o"
../Core/Src/main.c: In function 'main':
../Core/Src/main.c:116:4: error: too many arguments to function 'HAL_GPIO_TogglePin'
  116 |    HAL_GPIO_TogglePin(GPIOB, GPIO_PIN_5 | GPIO_PIN_4, 1);
      |    ^~~~~~~~~~~~~~~~~~
In file included from ../Core/Inc/stm32f4xx_hal_conf.h:278,
                 from ../Drivers/STM32F4xx_HAL_Driver/Inc/stm32f4xx_hal.h:29,
                 from ../Core/Inc/main.h:30,
                 from ../Core/Src/main.c:20:
../Drivers/STM32F4xx_HAL_Driver/Inc/stm32f4xx_hal_gpio.h:236:6: note: declared here
  236 | void HAL_GPIO_TogglePin(GPIO_TypeDef* GPIOx, uint16_t GPIO_Pin);
      |      ^~~~~~~~~~~~~~~~~~
../Core/Src/main.c:181:13: error: invalid storage class for function 'MX_GPIO_Init'
  181 | static void MX_GPIO_Init(void)
      |             ^~~~~~~~~~~~
../Core/Src/main.c:241:1: error: expected declaration or statement at end of input
  241 | }
      | ^
../Core/Src/main.c:241:1: error: expected declaration or statement at end of input
../Core/Src/main.c: At top level:
../Core/Src/main.c:49:13: warning: 'MX_GPIO_Init' used but never defined
   49 | static void MX_GPIO_Init(void);
      |             ^~~~~~~~~~~~
../Core/Src/main.c:232:6: warning: 'Error_Handler' defined but not used [-Wunused-function]
  232 | void Error_Handler(void)
      |      ^~~~~~~~~~~~~
../Core/Src/main.c:181:13: warning: 'MX_GPIO_Init' defined but not used [-Wunused-function]
  181 | static void MX_GPIO_Init(void)
      |             ^~~~~~~~~~~~
../Core/Src/main.c:139:6: warning: 'SystemClock_Config' defined but not used [-Wunused-function]
  139 | void SystemClock_Config(void)
      |      ^~~~~~~~~~~~~~~~~~
make: *** [Core/Src/subdir.mk:34: Core/Src/main.o] Error 1
"make -j2 all" terminated with exit code 2. Build might be incomplete.
19:03:46 **** Incremental Build of configuration Debug for project 00_GPIO ****
make -j2 all 
arm-none-eabi-gcc "../Core/Src/main.c" -mcpu=cortex-m4 -std=gnu11 -g3 -DDEBUG -DUSE_HAL_DRIVER -DSTM32F401xE -c -I../Core/Inc -I../Drivers/STM32F4xx_HAL_Driver/Inc -I../Drivers/STM32F4xx_HAL_Driver/Inc/Legacy -I../Drivers/CMSIS/Device/ST/STM32F4xx/Include -I../Drivers/CMSIS/Include -O0 -ffunction-sections -fdata-sections -Wall -fstack-usage -MMD -MP -MF"Core/Src/main.d" -MT"Core/Src/main.o" --specs=nano.specs -mfpu=fpv4-sp-d16 -mfloat-abi=hard -mthumb -o "Core/Src/main.o"
../Core/Src/main.c: In function 'main':
../Core/Src/main.c:181:13: error: invalid storage class for function 'MX_GPIO_Init'
  181 | static void MX_GPIO_Init(void)
      |             ^~~~~~~~~~~~
../Core/Src/main.c:241:1: error: expected declaration or statement at end of input
  241 | }
      | ^
../Core/Src/main.c:241:1: error: expected declaration or statement at end of input
../Core/Src/main.c: At top level:
../Core/Src/main.c:49:13: warning: 'MX_GPIO_Init' used but never defined
   49 | static void MX_GPIO_Init(void);
      |             ^~~~~~~~~~~~
../Core/Src/main.c:232:6: warning: 'Error_Handler' defined but not used [-Wunused-function]
  232 | void Error_Handler(void)
      |      ^~~~~~~~~~~~~
../Core/Src/main.c:181:13: warning: 'MX_GPIO_Init' defined but not used [-Wunused-function]
  181 | static void MX_GPIO_Init(void)
      |             ^~~~~~~~~~~~
../Core/Src/main.c:139:6: warning: 'SystemClock_Config' defined but not used [-Wunused-function]
  139 | void SystemClock_Config(void)
      |      ^~~~~~~~~~~~~~~~~~
make: *** [Core/Src/subdir.mk:34: Core/Src/main.o] Error 1
"make -j2 all" terminated with exit code 2. Build might be incomplete.
19:04:01 **** Incremental Build of configuration Debug for project 00_GPIO ****
make -j2 all 
arm-none-eabi-gcc "../Core/Src/main.c" -mcpu=cortex-m4 -std=gnu11 -g3 -DDEBUG -DUSE_HAL_DRIVER -DSTM32F401xE -c -I../Core/Inc -I../Drivers/STM32F4xx_HAL_Driver/Inc -I../Drivers/STM32F4xx_HAL_Driver/Inc/Legacy -I../Drivers/CMSIS/Device/ST/STM32F4xx/Include -I../Drivers/CMSIS/Include -O0 -ffunction-sections -fdata-sections -Wall -fstack-usage -MMD -MP -MF"Core/Src/main.d" -MT"Core/Src/main.o" --specs=nano.specs -mfpu=fpv4-sp-d16 -mfloat-abi=hard -mthumb -o "Core/Src/main.o"
arm-none-eabi-gcc -o "00_GPIO.elf" @"objects.list"   -mcpu=cortex-m4 -T"F:\OneDrive - Universidad Tecnologica del Peru\Estudios\Cursos\Microcontroladores\STM32\STM32 con HAL\codigo\00_GPIO\STM32F401RETX_FLASH.ld" --specs=nosys.specs -Wl,-Map="00_GPIO.map" -Wl,--gc-sections -static --specs=nano.specs -mfpu=fpv4-sp-d16 -mfloat-abi=hard -mthumb -Wl,--start-group -lc -lm -Wl,--end-group
Finished building target: 00_GPIO.elf
 
arm-none-eabi-size   00_GPIO.elf 
arm-none-eabi-objdump -h -S  00_GPIO.elf  > "00_GPIO.list"
   text	   data	    bss	    dec	    hex	filename
   6036	     20	   1572	   7628	   1dcc	00_GPIO.elf
Finished building: default.size.stdout
 
Finished building: 00_GPIO.list
arm-none-eabi-objcopy  -O ihex  00_GPIO.elf  "00_GPIO.hex"
 
Finished building: 00_GPIO.hex
 
19:05:06 **** Incremental Build of configuration Debug for project 00_GPIO ****
make -j2 all 
arm-none-eabi-gcc "../Core/Src/main.c" -mcpu=cortex-m4 -std=gnu11 -g3 -DDEBUG -DUSE_HAL_DRIVER -DSTM32F401xE -c -I../Core/Inc -I../Drivers/STM32F4xx_HAL_Driver/Inc -I../Drivers/STM32F4xx_HAL_Driver/Inc/Legacy -I../Drivers/CMSIS/Device/ST/STM32F4xx/Include -I../Drivers/CMSIS/Include -O0 -ffunction-sections -fdata-sections -Wall -fstack-usage -MMD -MP -MF"Core/Src/main.d" -MT"Core/Src/main.o" --specs=nano.specs -mfpu=fpv4-sp-d16 -mfloat-abi=hard -mthumb -o "Core/Src/main.o"
arm-none-eabi-gcc -o "00_GPIO.elf" @"objects.list"   -mcpu=cortex-m4 -T"F:\OneDrive - Universidad Tecnologica del Peru\Estudios\Cursos\Microcontroladores\STM32\STM32 con HAL\codigo\00_GPIO\STM32F401RETX_FLASH.ld" --specs=nosys.specs -Wl,-Map="00_GPIO.map" -Wl,--gc-sections -static --specs=nano.specs -mfpu=fpv4-sp-d16 -mfloat-abi=hard -mthumb -Wl,--start-group -lc -lm -Wl,--end-group
Finished building target: 00_GPIO.elf
 
arm-none-eabi-size   00_GPIO.elf 
arm-none-eabi-objdump -h -S  00_GPIO.elf  > "00_GPIO.list"
   text	   data	    bss	    dec	    hex	filename
   6036	     20	   1572	   7628	   1dcc	00_GPIO.elf
Finished building: default.size.stdout
 
arm-none-eabi-objcopy  -O ihex  00_GPIO.elf  "00_GPIO.hex"
Finished building: 00_GPIO.list
 
Finished building: 00_GPIO.hex
 
19:07:16 **** Incremental Build of configuration Debug for project 00_GPIO ****
make -j2 all 
arm-none-eabi-gcc "../Core/Src/main.c" -mcpu=cortex-m4 -std=gnu11 -g3 -DDEBUG -DUSE_HAL_DRIVER -DSTM32F401xE -c -I../Core/Inc -I../Drivers/STM32F4xx_HAL_Driver/Inc -I../Drivers/STM32F4xx_HAL_Driver/Inc/Legacy -I../Drivers/CMSIS/Device/ST/STM32F4xx/Include -I../Drivers/CMSIS/Include -O0 -ffunction-sections -fdata-sections -Wall -fstack-usage -MMD -MP -MF"Core/Src/main.d" -MT"Core/Src/main.o" --specs=nano.specs -mfpu=fpv4-sp-d16 -mfloat-abi=hard -mthumb -o "Core/Src/main.o"
arm-none-eabi-gcc -o "00_GPIO.elf" @"objects.list"   -mcpu=cortex-m4 -T"F:\OneDrive - Universidad Tecnologica del Peru\Estudios\Cursos\Microcontroladores\STM32\STM32 con HAL\codigo\00_GPIO\STM32F401RETX_FLASH.ld" --specs=nosys.specs -Wl,-Map="00_GPIO.map" -Wl,--gc-sections -static --specs=nano.specs -mfpu=fpv4-sp-d16 -mfloat-abi=hard -mthumb -Wl,--start-group -lc -lm -Wl,--end-group
Finished building target: 00_GPIO.elf
 
arm-none-eabi-size   00_GPIO.elf 
arm-none-eabi-objdump -h -S  00_GPIO.elf  > "00_GPIO.list"
   text	   data	    bss	    dec	    hex	filename
   6048	     20	   1572	   7640	   1dd8	00_GPIO.elf
Finished building: default.size.stdout
 
arm-none-eabi-objcopy  -O ihex  00_GPIO.elf  "00_GPIO.hex"
Finished building: 00_GPIO.list
 
Finished building: 00_GPIO.hex
 
19:08:52 **** Incremental Build of configuration Debug for project 00_GPIO ****
make -j2 all 
arm-none-eabi-gcc "../Core/Src/main.c" -mcpu=cortex-m4 -std=gnu11 -g3 -DDEBUG -DUSE_HAL_DRIVER -DSTM32F401xE -c -I../Core/Inc -I../Drivers/STM32F4xx_HAL_Driver/Inc -I../Drivers/STM32F4xx_HAL_Driver/Inc/Legacy -I../Drivers/CMSIS/Device/ST/STM32F4xx/Include -I../Drivers/CMSIS/Include -O0 -ffunction-sections -fdata-sections -Wall -fstack-usage -MMD -MP -MF"Core/Src/main.d" -MT"Core/Src/main.o" --specs=nano.specs -mfpu=fpv4-sp-d16 -mfloat-abi=hard -mthumb -o "Core/Src/main.o"
arm-none-eabi-gcc -o "00_GPIO.elf" @"objects.list"   -mcpu=cortex-m4 -T"F:\OneDrive - Universidad Tecnologica del Peru\Estudios\Cursos\Microcontroladores\STM32\STM32 con HAL\codigo\00_GPIO\STM32F401RETX_FLASH.ld" --specs=nosys.specs -Wl,-Map="00_GPIO.map" -Wl,--gc-sections -static --specs=nano.specs -mfpu=fpv4-sp-d16 -mfloat-abi=hard -mthumb -Wl,--start-group -lc -lm -Wl,--end-group
Finished building target: 00_GPIO.elf
 
arm-none-eabi-size   00_GPIO.elf 
arm-none-eabi-objdump -h -S  00_GPIO.elf  > "00_GPIO.list"
   text	   data	    bss	    dec	    hex	filename
   5996	     20	   1572	   7588	   1da4	00_GPIO.elf
Finished building: default.size.stdout
 
arm-none-eabi-objcopy  -O ihex  00_GPIO.elf  "00_GPIO.hex"
Finished building: 00_GPIO.list
 
Finished building: 00_GPIO.hex
 
19:09:55 **** Incremental Build of configuration Debug for project 00_GPIO ****
make -j2 all 
arm-none-eabi-gcc "../Core/Src/main.c" -mcpu=cortex-m4 -std=gnu11 -g3 -DDEBUG -DUSE_HAL_DRIVER -DSTM32F401xE -c -I../Core/Inc -I../Drivers/STM32F4xx_HAL_Driver/Inc -I../Drivers/STM32F4xx_HAL_Driver/Inc/Legacy -I../Drivers/CMSIS/Device/ST/STM32F4xx/Include -I../Drivers/CMSIS/Include -O0 -ffunction-sections -fdata-sections -Wall -fstack-usage -MMD -MP -MF"Core/Src/main.d" -MT"Core/Src/main.o" --specs=nano.specs -mfpu=fpv4-sp-d16 -mfloat-abi=hard -mthumb -o "Core/Src/main.o"
arm-none-eabi-gcc -o "00_GPIO.elf" @"objects.list"   -mcpu=cortex-m4 -T"F:\OneDrive - Universidad Tecnologica del Peru\Estudios\Cursos\Microcontroladores\STM32\STM32 con HAL\codigo\00_GPIO\STM32F401RETX_FLASH.ld" --specs=nosys.specs -Wl,-Map="00_GPIO.map" -Wl,--gc-sections -static --specs=nano.specs -mfpu=fpv4-sp-d16 -mfloat-abi=hard -mthumb -Wl,--start-group -lc -lm -Wl,--end-group
Finished building target: 00_GPIO.elf
 
arm-none-eabi-size   00_GPIO.elf 
arm-none-eabi-objdump -h -S  00_GPIO.elf  > "00_GPIO.list"
   text	   data	    bss	    dec	    hex	filename
   5996	     20	   1572	   7588	   1da4	00_GPIO.elf
Finished building: default.size.stdout
 
arm-none-eabi-objcopy  -O ihex  00_GPIO.elf  "00_GPIO.hex"
Finished building: 00_GPIO.list
 
Finished building: 00_GPIO.hex
 
