21:19:56 **** Incremental Build of configuration Debug for project 10_PWM ****
make -j2 all 
arm-none-eabi-gcc "../Core/Src/main.c" -mcpu=cortex-m4 -std=gnu11 -g3 -DDEBUG -DUSE_HAL_DRIVER -DSTM32F401xE -c -I../Core/Inc -I../Drivers/STM32F4xx_HAL_Driver/Inc -I../Drivers/STM32F4xx_HAL_Driver/Inc/Legacy -I../Drivers/CMSIS/Device/ST/STM32F4xx/Include -I../Drivers/CMSIS/Include -O0 -ffunction-sections -fdata-sections -Wall -fstack-usage -MMD -MP -MF"Core/Src/main.d" -MT"Core/Src/main.o" --specs=nano.specs -mfpu=fpv4-sp-d16 -mfloat-abi=hard -mthumb -o "Core/Src/main.o"
arm-none-eabi-gcc -o "10_PWM.elf" @"objects.list"   -mcpu=cortex-m4 -T"F:\OneDrive - Universidad Tecnologica del Peru\Estudios\Cursos\Microcontroladores\STM32\STM32 con HAL\codigo\02 TIMERS\10_PWM\STM32F401RETX_FLASH.ld" --specs=nosys.specs -Wl,-Map="10_PWM.map" -Wl,--gc-sections -static --specs=nano.specs -mfpu=fpv4-sp-d16 -mfloat-abi=hard -mthumb -Wl,--start-group -lc -lm -Wl,--end-group
Finished building target: 10_PWM.elf
 
arm-none-eabi-size   10_PWM.elf 
arm-none-eabi-objdump -h -S  10_PWM.elf  > "10_PWM.list"
   text	   data	    bss	    dec	    hex	filename
   9404	     20	   1644	  11068	   2b3c	10_PWM.elf
Finished building: default.size.stdout
 
Finished building: 10_PWM.list
 
21:21:35 **** Incremental Build of configuration Debug for project 10_PWM ****
make -j2 all 
arm-none-eabi-gcc "../Core/Src/main.c" -mcpu=cortex-m4 -std=gnu11 -g3 -DDEBUG -DUSE_HAL_DRIVER -DSTM32F401xE -c -I../Core/Inc -I../Drivers/STM32F4xx_HAL_Driver/Inc -I../Drivers/STM32F4xx_HAL_Driver/Inc/Legacy -I../Drivers/CMSIS/Device/ST/STM32F4xx/Include -I../Drivers/CMSIS/Include -O0 -ffunction-sections -fdata-sections -Wall -fstack-usage -MMD -MP -MF"Core/Src/main.d" -MT"Core/Src/main.o" --specs=nano.specs -mfpu=fpv4-sp-d16 -mfloat-abi=hard -mthumb -o "Core/Src/main.o"
arm-none-eabi-gcc -o "10_PWM.elf" @"objects.list"   -mcpu=cortex-m4 -T"F:\OneDrive - Universidad Tecnologica del Peru\Estudios\Cursos\Microcontroladores\STM32\STM32 con HAL\codigo\02 TIMERS\10_PWM\STM32F401RETX_FLASH.ld" --specs=nosys.specs -Wl,-Map="10_PWM.map" -Wl,--gc-sections -static --specs=nano.specs -mfpu=fpv4-sp-d16 -mfloat-abi=hard -mthumb -Wl,--start-group -lc -lm -Wl,--end-group
Finished building target: 10_PWM.elf
 
arm-none-eabi-size   10_PWM.elf 
arm-none-eabi-objdump -h -S  10_PWM.elf  > "10_PWM.list"
   text	   data	    bss	    dec	    hex	filename
   9404	     20	   1644	  11068	   2b3c	10_PWM.elf
Finished building: default.size.stdout
 
Finished building: 10_PWM.list
 
21:26:48 **** Incremental Build of configuration Debug for project 10_PWM ****
make -j2 all 
arm-none-eabi-gcc "../Core/Src/main.c" -mcpu=cortex-m4 -std=gnu11 -g3 -DDEBUG -DUSE_HAL_DRIVER -DSTM32F401xE -c -I../Core/Inc -I../Drivers/STM32F4xx_HAL_Driver/Inc -I../Drivers/STM32F4xx_HAL_Driver/Inc/Legacy -I../Drivers/CMSIS/Device/ST/STM32F4xx/Include -I../Drivers/CMSIS/Include -O0 -ffunction-sections -fdata-sections -Wall -fstack-usage -MMD -MP -MF"Core/Src/main.d" -MT"Core/Src/main.o" --specs=nano.specs -mfpu=fpv4-sp-d16 -mfloat-abi=hard -mthumb -o "Core/Src/main.o"
arm-none-eabi-gcc -o "10_PWM.elf" @"objects.list"   -mcpu=cortex-m4 -T"F:\OneDrive - Universidad Tecnologica del Peru\Estudios\Cursos\Microcontroladores\STM32\STM32 con HAL\codigo\02 TIMERS\10_PWM\STM32F401RETX_FLASH.ld" --specs=nosys.specs -Wl,-Map="10_PWM.map" -Wl,--gc-sections -static --specs=nano.specs -mfpu=fpv4-sp-d16 -mfloat-abi=hard -mthumb -Wl,--start-group -lc -lm -Wl,--end-group
Finished building target: 10_PWM.elf
 
arm-none-eabi-size   10_PWM.elf 
arm-none-eabi-objdump -h -S  10_PWM.elf  > "10_PWM.list"
   text	   data	    bss	    dec	    hex	filename
   9320	     20	   1644	  10984	   2ae8	10_PWM.elf
Finished building: default.size.stdout
 
Finished building: 10_PWM.list
 
