../Core/Src/main.c:76:5:main	8	static
../Core/Src/main.c:135:6:SystemClock_Config	88	static
../Core/Src/main.c:182:13:MX_USART2_UART_Init	8	static
../Core/Src/main.c:215:13:MX_GPIO_Init	40	static
../Core/Src/main.c:244:6:printMenssageInit	32	static
../Core/Src/main.c:258:8:readMessageUART	16	static
../Core/Src/main.c:271:9:proccesMenssage	48	static
../Core/Src/main.c:299:6:criticalTask	4	static
../Core/Src/main.c:303:6:HAL_UART_RxCpltCallback	16	static
../Core/Src/main.c:309:6:HAL_UART_TxCpltCallback	16	static
../Core/Src/main.c:320:6:Error_Handler	4	static,ignoring_inline_asm
